// Jest Snapshot v1, https://goo.gl/fbAQLP

exports[`component created 1`] = `
Array [
  <div
    className="mantine-Container-root mantine-15pjuqq"
  >
    <div
      className="main-nav"
    >
      <a
        href="/"
        onClick={[Function]}
      >
        <div
          className="mantine-Image-root mantine-15po0m8"
          style={
            Object {
              "height": "auto",
              "width": "100%",
            }
          }
        >
          <figure
            className="mantine-11nhzn5 mantine-Image-figure"
          >
            <div
              className="mantine-qqmv3w mantine-Image-imageWrapper"
            >
              <img
                className="mantine-3y8yz3 mantine-Image-image"
                onError={[Function]}
                onLoad={[Function]}
                src="logo.jpg"
                style={
                  Object {
                    "height": "auto",
                    "objectFit": "cover",
                    "width": "100%",
                  }
                }
              />
            </div>
          </figure>
        </div>
      </a>
    </div>
  </div>,
  <br />,
  <br />,
  <h2
    className="mantine-Text-root mantine-Title-root mantine-1yvlqai"
  >
    Reset your Password!!
  </h2>,
  <div
    className="mantine-Container-root mantine-1tg98w8"
  >
    <div
      className="mantine-Paper-root mantine-Card-root mantine-ergsfy"
    >
      <form
        onSubmit={[Function]}
      >
        <div
          className="mantine-InputWrapper-root mantine-PasswordInput-root mantine-1m3pqry"
        >
          <label
            className="mantine-InputWrapper-label mantine-PasswordInput-label mantine-ittua2"
            htmlFor="mantine-r0"
            id="mantine-r0-label"
          >
            Old Password
          </label>
          <div
            className="mantine-Input-wrapper mantine-PasswordInput-wrapper mantine-12sbrde"
          >
            <div
              className="mantine-yxyjyg mantine-Input-icon mantine-PasswordInput-icon"
            >
              <svg
                className="icon icon-tabler icon-tabler-lock"
                fill="none"
                height={16}
                stroke="currentColor"
                strokeLinecap="round"
                strokeLinejoin="round"
                strokeWidth={2}
                viewBox="0 0 24 24"
                width={16}
                xmlns="http://www.w3.org/2000/svg"
              >
                <path
                  d="M0 0h24v24H0z"
                  fill="none"
                  stroke="none"
                />
                <rect
                  height={10}
                  rx={2}
                  width={14}
                  x={5}
                  y={11}
                />
                <circle
                  cx={12}
                  cy={16}
                  r={1}
                />
                <path
                  d="M8 11v-4a4 4 0 0 1 8 0v4"
                />
              </svg>
            </div>
            <div
              aria-invalid={false}
              className="mantine-PasswordInput-input mantine-Input-input mantine-PasswordInput-input mantine-Input-withIcon mantine-PasswordInput-withIcon mantine-1vsi2ce"
            >
              <input
                className="mantine-PasswordInput-innerInput mantine-PasswordInput-withIcon mantine-ya9vkc"
                id="mantine-r0"
                onChange={[Function]}
                onFocus={[Function]}
                placeholder="Old password"
                type="password"
                value=""
              />
            </div>
            <div
              className="mantine-o3oqoy mantine-Input-rightSection mantine-PasswordInput-rightSection"
            >
              <button
                aria-hidden={true}
                className="mantine-UnstyledButton-root mantine-ActionIcon-root mantine-PasswordInput-visibilityToggle mantine-1dcetaa"
                disabled={false}
                onKeyDown={[Function]}
                onMouseDown={[Function]}
                tabIndex={-1}
                type="button"
              >
                <svg
                  fill="none"
                  height={15}
                  viewBox="0 0 15 15"
                  width={15}
                  xmlns="http://www.w3.org/2000/svg"
                >
                  <path
                    clipRule="evenodd"
                    d="M7.5 11C4.80285 11 2.52952 9.62184 1.09622 7.50001C2.52952 5.37816 4.80285 4 7.5 4C10.1971 4 12.4705 5.37816 13.9038 7.50001C12.4705 9.62183 10.1971 11 7.5 11ZM7.5 3C4.30786 3 1.65639 4.70638 0.0760002 7.23501C-0.0253338 7.39715 -0.0253334 7.60288 0.0760014 7.76501C1.65639 10.2936 4.30786 12 7.5 12C10.6921 12 13.3436 10.2936 14.924 7.76501C15.0253 7.60288 15.0253 7.39715 14.924 7.23501C13.3436 4.70638 10.6921 3 7.5 3ZM7.5 9.5C8.60457 9.5 9.5 8.60457 9.5 7.5C9.5 6.39543 8.60457 5.5 7.5 5.5C6.39543 5.5 5.5 6.39543 5.5 7.5C5.5 8.60457 6.39543 9.5 7.5 9.5Z"
                    fill="currentColor"
                    fillRule="evenodd"
                  />
                </svg>
              </button>
            </div>
          </div>
        </div>
        <div
          className="mantine-InputWrapper-root mantine-PasswordInput-root mantine-e8sh7b"
        >
          <label
            className="mantine-InputWrapper-label mantine-PasswordInput-label mantine-ittua2"
            htmlFor="mantine-r1"
            id="mantine-r1-label"
          >
            New password
          </label>
          <div
            className="mantine-Input-wrapper mantine-PasswordInput-wrapper mantine-12sbrde"
          >
            <div
              className="mantine-yxyjyg mantine-Input-icon mantine-PasswordInput-icon"
            >
              <svg
                className="icon icon-tabler icon-tabler-lock"
                fill="none"
                height={16}
                stroke="currentColor"
                strokeLinecap="round"
                strokeLinejoin="round"
                strokeWidth={2}
                viewBox="0 0 24 24"
                width={16}
                xmlns="http://www.w3.org/2000/svg"
              >
                <path
                  d="M0 0h24v24H0z"
                  fill="none"
                  stroke="none"
                />
                <rect
                  height={10}
                  rx={2}
                  width={14}
                  x={5}
                  y={11}
                />
                <circle
                  cx={12}
                  cy={16}
                  r={1}
                />
                <path
                  d="M8 11v-4a4 4 0 0 1 8 0v4"
                />
              </svg>
            </div>
            <div
              aria-invalid={false}
              className="mantine-PasswordInput-input mantine-Input-input mantine-PasswordInput-input mantine-Input-withIcon mantine-PasswordInput-withIcon mantine-1vsi2ce"
            >
              <input
                className="mantine-PasswordInput-innerInput mantine-PasswordInput-withIcon mantine-ya9vkc"
                id="mantine-r1"
                onChange={[Function]}
                onFocus={[Function]}
                placeholder="New password"
                type="password"
                value=""
              />
            </div>
            <div
              className="mantine-o3oqoy mantine-Input-rightSection mantine-PasswordInput-rightSection"
            >
              <button
                aria-hidden={true}
                className="mantine-UnstyledButton-root mantine-ActionIcon-root mantine-PasswordInput-visibilityToggle mantine-1dcetaa"
                disabled={false}
                onKeyDown={[Function]}
                onMouseDown={[Function]}
                tabIndex={-1}
                type="button"
              >
                <svg
                  fill="none"
                  height={15}
                  viewBox="0 0 15 15"
                  width={15}
                  xmlns="http://www.w3.org/2000/svg"
                >
                  <path
                    clipRule="evenodd"
                    d="M7.5 11C4.80285 11 2.52952 9.62184 1.09622 7.50001C2.52952 5.37816 4.80285 4 7.5 4C10.1971 4 12.4705 5.37816 13.9038 7.50001C12.4705 9.62183 10.1971 11 7.5 11ZM7.5 3C4.30786 3 1.65639 4.70638 0.0760002 7.23501C-0.0253338 7.39715 -0.0253334 7.60288 0.0760014 7.76501C1.65639 10.2936 4.30786 12 7.5 12C10.6921 12 13.3436 10.2936 14.924 7.76501C15.0253 7.60288 15.0253 7.39715 14.924 7.23501C13.3436 4.70638 10.6921 3 7.5 3ZM7.5 9.5C8.60457 9.5 9.5 8.60457 9.5 7.5C9.5 6.39543 8.60457 5.5 7.5 5.5C6.39543 5.5 5.5 6.39543 5.5 7.5C5.5 8.60457 6.39543 9.5 7.5 9.5Z"
                    fill="currentColor"
                    fillRule="evenodd"
                  />
                </svg>
              </button>
            </div>
          </div>
        </div>
        <div
          className="mantine-InputWrapper-root mantine-PasswordInput-root mantine-e8sh7b"
        >
          <label
            className="mantine-InputWrapper-label mantine-PasswordInput-label mantine-ittua2"
            htmlFor="mantine-r2"
            id="mantine-r2-label"
          >
            Confirm password
          </label>
          <div
            className="mantine-Input-wrapper mantine-PasswordInput-wrapper mantine-12sbrde"
          >
            <div
              className="mantine-yxyjyg mantine-Input-icon mantine-PasswordInput-icon"
            >
              <svg
                className="icon icon-tabler icon-tabler-lock"
                fill="none"
                height={16}
                stroke="currentColor"
                strokeLinecap="round"
                strokeLinejoin="round"
                strokeWidth={2}
                viewBox="0 0 24 24"
                width={16}
                xmlns="http://www.w3.org/2000/svg"
              >
                <path
                  d="M0 0h24v24H0z"
                  fill="none"
                  stroke="none"
                />
                <rect
                  height={10}
                  rx={2}
                  width={14}
                  x={5}
                  y={11}
                />
                <circle
                  cx={12}
                  cy={16}
                  r={1}
                />
                <path
                  d="M8 11v-4a4 4 0 0 1 8 0v4"
                />
              </svg>
            </div>
            <div
              aria-invalid={false}
              className="mantine-PasswordInput-input mantine-Input-input mantine-PasswordInput-input mantine-Input-withIcon mantine-PasswordInput-withIcon mantine-1vsi2ce"
            >
              <input
                className="mantine-PasswordInput-innerInput mantine-PasswordInput-withIcon mantine-ya9vkc"
                id="mantine-r2"
                onChange={[Function]}
                onFocus={[Function]}
                placeholder="Confirm password"
                type="password"
                value=""
              />
            </div>
            <div
              className="mantine-o3oqoy mantine-Input-rightSection mantine-PasswordInput-rightSection"
            >
              <button
                aria-hidden={true}
                className="mantine-UnstyledButton-root mantine-ActionIcon-root mantine-PasswordInput-visibilityToggle mantine-1dcetaa"
                disabled={false}
                onKeyDown={[Function]}
                onMouseDown={[Function]}
                tabIndex={-1}
                type="button"
              >
                <svg
                  fill="none"
                  height={15}
                  viewBox="0 0 15 15"
                  width={15}
                  xmlns="http://www.w3.org/2000/svg"
                >
                  <path
                    clipRule="evenodd"
                    d="M7.5 11C4.80285 11 2.52952 9.62184 1.09622 7.50001C2.52952 5.37816 4.80285 4 7.5 4C10.1971 4 12.4705 5.37816 13.9038 7.50001C12.4705 9.62183 10.1971 11 7.5 11ZM7.5 3C4.30786 3 1.65639 4.70638 0.0760002 7.23501C-0.0253338 7.39715 -0.0253334 7.60288 0.0760014 7.76501C1.65639 10.2936 4.30786 12 7.5 12C10.6921 12 13.3436 10.2936 14.924 7.76501C15.0253 7.60288 15.0253 7.39715 14.924 7.23501C13.3436 4.70638 10.6921 3 7.5 3ZM7.5 9.5C8.60457 9.5 9.5 8.60457 9.5 7.5C9.5 6.39543 8.60457 5.5 7.5 5.5C6.39543 5.5 5.5 6.39543 5.5 7.5C5.5 8.60457 6.39543 9.5 7.5 9.5Z"
                    fill="currentColor"
                    fillRule="evenodd"
                  />
                </svg>
              </button>
            </div>
          </div>
        </div>
        <button
          className="mantine-UnstyledButton-root mantine-Button-root mantine-tgyipv"
          data-button={true}
          type="submit"
        >
          <div
            className="mantine-3xbgk5 mantine-Button-inner"
          >
            <span
              className="mantine-qo1k2 mantine-Button-label"
              style={
                Object {
                  "textTransform": undefined,
                }
              }
            >
              Submit
            </span>
          </div>
        </button>
      </form>
    </div>
  </div>,
]
`;
